Microchip MPLAB XC8 Compiler V2.31

Linker command line:

-W-3 --edf=C:\Program Files\Microchip\xc8\v2.31\pic\dat\en_msgs.txt -cn \
  -h+dist/default/production\embeddedApp.production.sym \
  --cmf=dist/default/production\embeddedApp.production.cmf -z -Q18F46K20 \
  -oC:\Users\Ahmed\AppData\Local\Temp\s9gg.2 --defsym=__MPLAB_BUILD=1 \
  -Mdist/default/production/embeddedApp.production.map -E1 \
  -ver=XC8 Compiler --acfsm=1493 -ASTACK=060h-0F5Fh -pstack=STACK \
  -ACODE=00h-0FFFFh -ACONST=00h-0FFFFh -ASMALLCONST=01000h-010FFhx240 \
  -AMEDIUMCONST=01000h-0FFFFh -ACOMRAM=01h-05Fh -AABS1=00h-0F5Fh \
  -ABIGRAM=01h-0F5Fh -ARAM=060h-0FFh,0100h-01FFhx14,0F00h-0F5Fh \
  -ABANK0=060h-0FFh -ABANK1=0100h-01FFh -ABANK2=0200h-02FFh \
  -ABANK3=0300h-03FFh -ABANK4=0400h-04FFh -ABANK5=0500h-05FFh \
  -ABANK6=0600h-06FFh -ABANK7=0700h-07FFh -ABANK8=0800h-08FFh \
  -ABANK9=0900h-09FFh -ABANK10=0A00h-0AFFh -ABANK11=0B00h-0BFFh \
  -ABANK12=0C00h-0CFFh -ABANK13=0D00h-0DFFh -ABANK14=0E00h-0EFFh \
  -ABANK15=0F00h-0F5Fh -ASFR=0F60h-0FFFh -ACONFIG=0300000h-030000Dh \
  -AIDLOC=0200000h-0200007h -AEEDATA=0F00000h-0F003FFh -peeprom_data=EEDATA \
  -preset_vec=00h,intcode,intcodelo,powerup,init -pramtop=01000h \
  -psmallconst=SMALLCONST -pmediumconst=MEDIUMCONST -pconst=CONST \
  -AFARRAM=00h-00h \
  -prdata=COMRAM,nvrram=COMRAM,nvbit=COMRAM,rbss=COMRAM,rbit=COMRAM \
  -pfarbss=FARRAM,fardata=FARRAM,nvFARRAM=FARRAM \
  -pintsave_regs=BIGRAM,bigbss=BIGRAM,bigdata=BIGRAM -pbss=RAM \
  -pidata=CODE,irdata=CODE,ibigdata=CODE,ifardata=CODE -prparam=COMRAM \
  C:\Users\Ahmed\AppData\Local\Temp\s9gg.o \
  dist/default/production\embeddedApp.production.o 

Object code version is 3.11

Machine type is 18F46K20



                Name                               Link     Load   Length Selector   Space Scale
C:\Users\Ahmed\AppData\Local\Temp\s9gg.o
                idloc                            200000   200000        8        0       5
                config                           300000   300000        E        0       4
                init                                  0        0        4        0       0
dist/default/production\embeddedApp.production.o
                idloc                            200000   200000        8        0       5
                config                           300000   300000        E        0       4
                text8                              F8FE     F8FE       70     7C7F       0
                text7                              FB7C     FB7C       9C     7DBE       0
                text6                              FC18     FC18       C8     7E0C       0
                text5                              F96E     F96E       76     7CB7       0
                text4                              FCE0     FCE0       C8     7E70       0
                text3                              FAE4     FAE4       98     7D72       0
                text2                              F9E4     F9E4       80     7CF2       0
                text1                              FA64     FA64       80     7D32       0
                text0                              FDA8     FDA8      258     7ED4       0
                cstackCOMRAM                         28       28       14        1       1
                dataCOMRAM                            1        1       27        1       1
                bssCOMRAM                            3C       3C        2        1       1
                cinit                              F8D0     F8D0       2E     7C68       0
                idataCOMRAM                        F8A9     F8A9       27     F8A9       0

TOTAL           Name                               Link     Load   Length     Space
        CLASS   STACK          

        CLASS   CODE           
                init                                  0        0        4         0
                text8                              F8FE     F8FE       70         0
                text7                              FB7C     FB7C       9C         0
                text6                              FC18     FC18       C8         0
                text5                              F96E     F96E       76         0
                text4                              FCE0     FCE0       C8         0
                text3                              FAE4     FAE4       98         0
                text2                              F9E4     F9E4       80         0
                text1                              FA64     FA64       80         0
                text0                              FDA8     FDA8      258         0
                cinit                              F8D0     F8D0       2E         0
                idataCOMRAM                        F8A9     F8A9       27         0

        CLASS   CONST          

        CLASS   SMALLCONST     

        CLASS   MEDIUMCONST    

        CLASS   COMRAM         
                cstackCOMRAM                         28       28       14         1
                dataCOMRAM                            1        1       27         1
                bssCOMRAM                            3C       3C        2         1

        CLASS   ABS1           

        CLASS   BIGRAM         

        CLASS   RAM            

        CLASS   BANK0          

        CLASS   BANK1          

        CLASS   BANK2          

        CLASS   BANK3          

        CLASS   BANK4          

        CLASS   BANK5          

        CLASS   BANK6          

        CLASS   BANK7          

        CLASS   BANK8          

        CLASS   BANK9          

        CLASS   BANK10         

        CLASS   BANK11         

        CLASS   BANK12         

        CLASS   BANK13         

        CLASS   BANK14         

        CLASS   BANK15         

        CLASS   SFR            

        CLASS   CONFIG         
                config                           300000   300000        E         4

        CLASS   IDLOC          
                idloc                            200000   200000        8         5

        CLASS   EEDATA         

        CLASS   FARRAM         



SEGMENTS        Name                           Load    Length   Top    Selector   Space  Class

                reset_vec                      000000  000004  000004         0       0  CODE    
                dataCOMRAM                     000001  00003D  00003E         1       1  COMRAM  
                idataCOMRAM                    00F8A9  000027  00F8D0      F8A9       0  CODE    
                cinit                          00F8D0  00002E  00F8FE      7C68       0  CODE    
                text8                          00F8FE  000070  00F96E      7C7F       0  CODE    
                text5                          00F96E  000076  00F9E4      7CB7       0  CODE    
                text2                          00F9E4  000080  00FA64      7CF2       0  CODE    
                text1                          00FA64  000080  00FAE4      7D32       0  CODE    
                text3                          00FAE4  000098  00FB7C      7D72       0  CODE    
                text7                          00FB7C  00009C  00FC18      7DBE       0  CODE    
                text6                          00FC18  0000C8  00FCE0      7E0C       0  CODE    
                text4                          00FCE0  0000C8  00FDA8      7E70       0  CODE    
                text0                          00FDA8  000258  010000      7ED4       0  CODE    


UNUSED ADDRESS RANGES

        Name                Unused          Largest block    Delta
        BANK0            000060-0000FF               A0
        BANK1            000100-0001FF              100
        BANK10           000A00-000AFF              100
        BANK11           000B00-000BFF              100
        BANK12           000C00-000CFF              100
        BANK13           000D00-000DFF              100
        BANK14           000E00-000EFF              100
        BANK15           000F00-000F5F               60
        BANK2            000200-0002FF              100
        BANK3            000300-0003FF              100
        BANK4            000400-0004FF              100
        BANK5            000500-0005FF              100
        BANK6            000600-0006FF              100
        BANK7            000700-0007FF              100
        BANK8            000800-0008FF              100
        BANK9            000900-0009FF              100
        BIGRAM           00003E-000F5F              F22
        CODE             000004-00F8A8             F8A5
        COMRAM           00003E-00005F               22
        CONST            000004-00F8A8             F8A5
        EEDATA           F00000-F003FF              400
        MEDIUMCONST      001000-00F8A8             E8A9
        RAM              000060-000F5F              100
        SFR              000F60-000FFF               A0
        SMALLCONST       001000-00F8A8              100
        STACK            000060-000F5F              F00

                                  Symbol Table

_LATA                                   (abs)        000F89
_LATB                                   (abs)        000F8A
_LATC                                   (abs)        000F8B
_LATD                                   (abs)        000F8C
_LATE                                   (abs)        000F8D
_PORTA                                  (abs)        000F80
_PORTB                                  (abs)        000F81
_PORTC                                  (abs)        000F82
_PORTD                                  (abs)        000F83
_PORTE                                  (abs)        000F84
_TRISA                                  (abs)        000F92
_TRISB                                  (abs)        000F93
_TRISC                                  (abs)        000F94
_TRISD                                  (abs)        000F95
_TRISE                                  (abs)        000F96
__HRAM                                  (abs)        000000
__Habs1                                 abs1         000000
__Hbank0                                bank0        000000
__Hbank1                                bank1        000000
__Hbank10                               bank10       000000
__Hbank11                               bank11       000000
__Hbank12                               bank12       000000
__Hbank13                               bank13       000000
__Hbank14                               bank14       000000
__Hbank15                               bank15       000000
__Hbank2                                bank2        000000
__Hbank3                                bank3        000000
__Hbank4                                bank4        000000
__Hbank5                                bank5        000000
__Hbank6                                bank6        000000
__Hbank7                                bank7        000000
__Hbank8                                bank8        000000
__Hbank9                                bank9        000000
__Hbigbss                               bigbss       000000
__Hbigdata                              bigdata      000000
__Hbigram                               bigram       000000
__Hbss                                  bss          000000
__HbssCOMRAM                            bssCOMRAM    000000
__Hcinit                                cinit        000000
__Hclrtext                              clrtext      000000
__Hcomram                               comram       000000
__Hconfig                               config       30000E
__Hconst                                const        000000
__HcstackCOMRAM                         cstackCOMRAM 000000
__Hdata                                 data         000000
__HdataCOMRAM                           dataCOMRAM   000000
__Heeprom_data                          eeprom_data  000000
__Hfarbss                               farbss       000000
__Hfardata                              fardata      000000
__Hibigdata                             ibigdata     000000
__Hidata                                idata        000000
__HidataCOMRAM                          idataCOMRAM  000000
__Hidloc                                idloc        200008
__Hifardata                             ifardata     000000
__Hinit                                 init         000004
__Hintcode                              intcode      000000
__Hintcode_body                         intcode_body 000000
__Hintcodelo                            intcodelo    000000
__Hintentry                             intentry     000000
__Hintret                               intret       000000
__Hintsave_regs                         intsave_regs 000000
__Hirdata                               irdata       000000
__Hmediumconst                          mediumconst  000000
__HnvFARRAM                             nvFARRAM     000000
__Hnvbit                                nvbit        000000
__Hnvrram                               nvrram       000000
__Hparam                                rparam       000000
__Hpowerup                              powerup      000000
__Hram                                  ram          000000
__Hramtop                               ramtop       001000
__Hrbit                                 rbit         000000
__Hrbss                                 rbss         000000
__Hrdata                                rdata        000000
__Hreset_vec                            reset_vec    000000
__Hrparam                               rparam       000000
__Hsfr                                  sfr          000000
__Hsmallconst                           smallconst   000000
__Hspace_0                              (abs)        010000
__Hspace_1                              (abs)        00003E
__Hspace_2                              (abs)        000000
__Hspace_4                              (abs)        60000E
__Hstack                                stack        000000
__Hstruct                               struct       000000
__Htemp                                 temp         000000
__Htext                                 text         000000
__Htext0                                text0        000000
__Htext1                                text1        000000
__Htext2                                text2        000000
__Htext3                                text3        000000
__Htext4                                text4        000000
__Htext5                                text5        000000
__Htext6                                text6        000000
__Htext7                                text7        000000
__Htext8                                text8        000000
__LRAM                                  (abs)        000001
__Labs1                                 abs1         000000
__Lbank0                                bank0        000000
__Lbank1                                bank1        000000
__Lbank10                               bank10       000000
__Lbank11                               bank11       000000
__Lbank12                               bank12       000000
__Lbank13                               bank13       000000
__Lbank14                               bank14       000000
__Lbank15                               bank15       000000
__Lbank2                                bank2        000000
__Lbank3                                bank3        000000
__Lbank4                                bank4        000000
__Lbank5                                bank5        000000
__Lbank6                                bank6        000000
__Lbank7                                bank7        000000
__Lbank8                                bank8        000000
__Lbank9                                bank9        000000
__Lbigbss                               bigbss       000000
__Lbigdata                              bigdata      000000
__Lbigram                               bigram       000000
__Lbss                                  bss          000000
__LbssCOMRAM                            bssCOMRAM    000000
__Lcinit                                cinit        000000
__Lclrtext                              clrtext      000000
__Lcomram                               comram       000000
__Lconfig                               config       000000
__Lconst                                const        000000
__LcstackCOMRAM                         cstackCOMRAM 000000
__Ldata                                 data         000000
__LdataCOMRAM                           dataCOMRAM   000000
__Leeprom_data                          eeprom_data  000000
__Lfarbss                               farbss       000000
__Lfardata                              fardata      000000
__Libigdata                             ibigdata     000000
__Lidata                                idata        000000
__LidataCOMRAM                          idataCOMRAM  000000
__Lidloc                                idloc        000000
__Lifardata                             ifardata     000000
__Linit                                 init         000000
__Lintcode                              intcode      000000
__Lintcode_body                         intcode_body 000000
__Lintcodelo                            intcodelo    000000
__Lintentry                             intentry     000000
__Lintret                               intret       000000
__Lintsave_regs                         intsave_regs 000000
__Lirdata                               irdata       000000
__Lmediumconst                          mediumconst  000000
__LnvFARRAM                             nvFARRAM     000000
__Lnvbit                                nvbit        000000
__Lnvrram                               nvrram       000000
__Lparam                                rparam       000000
__Lpowerup                              powerup      000000
__Lram                                  ram          000000
__Lramtop                               ramtop       001000
__Lrbit                                 rbit         000000
__Lrbss                                 rbss         000000
__Lrdata                                rdata        000000
__Lreset_vec                            reset_vec    000000
__Lrparam                               rparam       000000
__Lsfr                                  sfr          000000
__Lsmallconst                           smallconst   000000
__Lspace_0                              (abs)        000000
__Lspace_1                              (abs)        000000
__Lspace_2                              (abs)        000000
__Lspace_4                              (abs)        000000
__Lstack                                stack        000000
__Lstruct                               struct       000000
__Ltemp                                 temp         000000
__Ltext                                 text         000000
__Ltext0                                text0        000000
__Ltext1                                text1        000000
__Ltext2                                text2        000000
__Ltext3                                text3        000000
__Ltext4                                text4        000000
__Ltext5                                text5        000000
__Ltext6                                text6        000000
__Ltext7                                text7        000000
__Ltext8                                text8        000000
__S0                                    (abs)        010000
__S1                                    (abs)        00003E
__S2                                    (abs)        000000
__S4                                    (abs)        000000
__S5                                    (abs)        000000
___inthi_sp                             stack        000000
___intlo_sp                             stack        000000
___param_bank                           (abs)        000000
___rparam_used                          (abs)        000001
___sp                                   stack        000000
__accesstop                             (abs)        000060
__activetblptr                          (abs)        000002
__end_of__initialization                cinit        00F8F4
__end_of_button_get_status              text7        00FC18
__end_of_button_initialize              text5        00F9E4
__end_of_gpio_pin_direction_initialize  text6        00FCE0
__end_of_gpio_pin_read_value            text8        00F96E
__end_of_gpio_pin_write_value           text4        00FDA8
__end_of_led_initalize                  text3        00FB7C
__end_of_led_turn_off                   text2        00FA64
__end_of_led_turn_on                    text1        00FAE4
__end_of_main                           text0        010000
__initialization                        cinit        00F8D0
__mediumconst                           mediumconst  000000
__pbssCOMRAM                            bssCOMRAM    00003C
__pcinit                                cinit        00F8D0
__pcstackCOMRAM                         cstackCOMRAM 000028
__pdataCOMRAM                           dataCOMRAM   000001
__pidataCOMRAM                          idataCOMRAM  00F8A9
__ptext0                                text0        00FDA8
__ptext1                                text1        00FA64
__ptext2                                text2        00F9E4
__ptext3                                text3        00FAE4
__ptext4                                text4        00FCE0
__ptext5                                text5        00F96E
__ptext6                                text6        00FC18
__ptext7                                text7        00FB7C
__ptext8                                text8        00F8FE
__ramtop                                ramtop       001000
__size_of_button_get_status             (abs)        000000
__size_of_button_initialize             (abs)        000000
__size_of_gpio_pin_direction_initialize (abs)        000000
__size_of_gpio_pin_read_value           (abs)        000000
__size_of_gpio_pin_write_value          (abs)        000000
__size_of_led_initalize                 (abs)        000000
__size_of_led_turn_off                  (abs)        000000
__size_of_led_turn_on                   (abs)        000000
__size_of_main                          (abs)        000000
__smallconst                            smallconst   000000
_btn1                                   dataCOMRAM   000027
_btn1_status                            bssCOMRAM    00003D
_button_get_status                      text7        00FB7C
_button_initialize                      text5        00F96E
_gpio_pin_direction_initialize          text6        00FC18
_gpio_pin_read_value                    text8        00F8FE
_gpio_pin_write_value                   text4        00FCE0
_lat_register                           dataCOMRAM   00000B
_led_array                              dataCOMRAM   00001F
_led_initalize                          text3        00FAE4
_led_turn_off                           text2        00F9E4
_led_turn_on                            text1        00FA64
_main                                   text0        00FDA8
_port_register                          dataCOMRAM   000001
_tris_register                          dataCOMRAM   000015
button_get_status@btn                   cstackCOMRAM 000031
button_get_status@btn_status            cstackCOMRAM 000033
button_initialize@btn                   cstackCOMRAM 000031
end_of_initialization                   cinit        00F8F4
gpio_pin_direction_initialize@direction cstackCOMRAM 000029
gpio_pin_direction_initialize@pin       cstackCOMRAM 000028
gpio_pin_direction_initialize@port      cstackCOMRAM 000030
gpio_pin_read_value@logic               cstackCOMRAM 000029
gpio_pin_read_value@pin                 cstackCOMRAM 000028
gpio_pin_read_value@port                cstackCOMRAM 000030
gpio_pin_write_value@logic              cstackCOMRAM 000029
gpio_pin_write_value@pin                cstackCOMRAM 000028
gpio_pin_write_value@port               cstackCOMRAM 000030
intlevel0                               text         000000
intlevel1                               text         000000
intlevel2                               text         000000
intlevel3                               text         000000
led_initalize@led                       cstackCOMRAM 000031
led_turn_off@led                        cstackCOMRAM 000031
led_turn_on@led                         cstackCOMRAM 000031
main@counter                            cstackCOMRAM 000039
main@counter_303                        cstackCOMRAM 00003A
main@flag                               bssCOMRAM    00003C
main@l_inti_counter                     cstackCOMRAM 00003B
stackhi                                 (abs)        000F5F
stacklo                                 (abs)        000060
start                                   init         000000
start_initialization                    cinit        00F8D0


FUNCTION INFORMATION:

 *************** function _main *****************
 Defined at:
		line 45 in file "application.c"
 Parameters:    Size  Location     Type
		None
 Auto vars:     Size  Location     Type
  counter         1   18[COMRAM] unsigned char 
  counter         1   17[COMRAM] unsigned char 
  l_inti_count    1   19[COMRAM] unsigned char 
 Return value:  Size  Location     Type
                  2  194[None  ] int 
 Registers used:
		wreg, fsr2l, fsr2h, status,2, status,0, prodl, prodh, cstack
 Tracked objects:
		On entry : 
		On exit  : 
		Unchanged: 
 Data sizes:     COMRAM   BANK0   BANK1   BANK2   BANK3   BANK4   BANK5   BANK6   BANK7   BANK8   BANK9  BANK10  BANK11  BANK12  BANK13  BANK14  BANK15
      Params:         0       0       0       0       0       0       0       0       0       0       0       0       0       0       0       0       0
      Locals:         3       0       0       0       0       0       0       0       0       0       0       0       0       0       0       0       0
      Temps:          2       0       0       0       0       0       0       0       0       0       0       0       0       0       0       0       0
      Totals:         5       0       0       0       0       0       0       0       0       0       0       0       0       0       0       0       0
Total ram usage:        5 bytes
 Hardware stack levels required when called:    2
 This function calls:
		_button_get_status
		_button_initialize
		_led_initalize
		_led_turn_off
		_led_turn_on
 This function is called by:
		Startup code after reset
 This function uses a non-reentrant model


 *************** function _led_turn_on *****************
 Defined at:
		line 32 in file "ecu/led/ecu_led.c"
 Parameters:    Size  Location     Type
  led             2    9[COMRAM] PTR struct .
		 -> led_array(8), 
 Auto vars:     Size  Location     Type
  ret             1    0        enum E329
 Return value:  Size  Location     Type
                  1    wreg      enum E329
 Registers used:
		wreg, fsr2l, fsr2h, status,2, status,0, prodl, prodh, cstack
 Tracked objects:
		On entry : 
		On exit  : 
		Unchanged: 
 Data sizes:     COMRAM   BANK0   BANK1   BANK2   BANK3   BANK4   BANK5   BANK6   BANK7   BANK8   BANK9  BANK10  BANK11  BANK12  BANK13  BANK14  BANK15
      Params:         2       0       0       0       0       0       0       0       0       0       0       0       0       0       0       0       0
      Locals:         1       0       0       0       0       0       0       0       0       0       0       0       0       0       0       0       0
      Temps:          1       0       0       0       0       0       0       0       0       0       0       0       0       0       0       0       0
      Totals:         4       0       0       0       0       0       0       0       0       0       0       0       0       0       0       0       0
Total ram usage:        4 bytes
 Hardware stack levels used:    1
 Hardware stack levels required when called:    1
 This function calls:
		_gpio_pin_write_value
 This function is called by:
		_main
 This function uses a non-reentrant model


 *************** function _led_turn_off *****************
 Defined at:
		line 50 in file "ecu/led/ecu_led.c"
 Parameters:    Size  Location     Type
  led             2    9[COMRAM] PTR struct .
		 -> led_array(8), 
 Auto vars:     Size  Location     Type
  ret             1    0        enum E329
 Return value:  Size  Location     Type
                  1    wreg      enum E329
 Registers used:
		wreg, fsr2l, fsr2h, status,2, status,0, prodl, prodh, cstack
 Tracked objects:
		On entry : 
		On exit  : 
		Unchanged: 
 Data sizes:     COMRAM   BANK0   BANK1   BANK2   BANK3   BANK4   BANK5   BANK6   BANK7   BANK8   BANK9  BANK10  BANK11  BANK12  BANK13  BANK14  BANK15
      Params:         2       0       0       0       0       0       0       0       0       0       0       0       0       0       0       0       0
      Locals:         1       0       0       0       0       0       0       0       0       0       0       0       0       0       0       0       0
      Temps:          1       0       0       0       0       0       0       0       0       0       0       0       0       0       0       0       0
      Totals:         4       0       0       0       0       0       0       0       0       0       0       0       0       0       0       0       0
Total ram usage:        4 bytes
 Hardware stack levels used:    1
 Hardware stack levels required when called:    1
 This function calls:
		_gpio_pin_write_value
 This function is called by:
		_main
 This function uses a non-reentrant model


 *************** function _led_initalize *****************
 Defined at:
		line 13 in file "ecu/led/ecu_led.c"
 Parameters:    Size  Location     Type
  led             2    9[COMRAM] PTR struct .
		 -> led_array(8), 
 Auto vars:     Size  Location     Type
  ret             1    0        enum E329
 Return value:  Size  Location     Type
                  1    wreg      enum E329
 Registers used:
		wreg, fsr2l, fsr2h, status,2, status,0, prodl, prodh, cstack
 Tracked objects:
		On entry : 
		On exit  : 
		Unchanged: 
 Data sizes:     COMRAM   BANK0   BANK1   BANK2   BANK3   BANK4   BANK5   BANK6   BANK7   BANK8   BANK9  BANK10  BANK11  BANK12  BANK13  BANK14  BANK15
      Params:         2       0       0       0       0       0       0       0       0       0       0       0       0       0       0       0       0
      Locals:         1       0       0       0       0       0       0       0       0       0       0       0       0       0       0       0       0
      Temps:          1       0       0       0       0       0       0       0       0       0       0       0       0       0       0       0       0
      Totals:         4       0       0       0       0       0       0       0       0       0       0       0       0       0       0       0       0
Total ram usage:        4 bytes
 Hardware stack levels used:    1
 Hardware stack levels required when called:    1
 This function calls:
		_gpio_pin_direction_initialize
		_gpio_pin_write_value
 This function is called by:
		_main
 This function uses a non-reentrant model


 *************** function _gpio_pin_write_value *****************
 Defined at:
		line 105 in file "mcal/gpio/mcal_gpio.c"
 Parameters:    Size  Location     Type
  port            1    wreg     enum E2858
  pin             1    0[COMRAM] enum E2848
  logic           1    1[COMRAM] enum E2840
 Auto vars:     Size  Location     Type
  port            1    8[COMRAM] enum E2858
  ret             1    0        enum E329
 Return value:  Size  Location     Type
                  1    wreg      enum E329
 Registers used:
		wreg, fsr2l, fsr2h, status,2, status,0, prodl, prodh
 Tracked objects:
		On entry : 
		On exit  : 
		Unchanged: 
 Data sizes:     COMRAM   BANK0   BANK1   BANK2   BANK3   BANK4   BANK5   BANK6   BANK7   BANK8   BANK9  BANK10  BANK11  BANK12  BANK13  BANK14  BANK15
      Params:         2       0       0       0       0       0       0       0       0       0       0       0       0       0       0       0       0
      Locals:         2       0       0       0       0       0       0       0       0       0       0       0       0       0       0       0       0
      Temps:          5       0       0       0       0       0       0       0       0       0       0       0       0       0       0       0       0
      Totals:         9       0       0       0       0       0       0       0       0       0       0       0       0       0       0       0       0
Total ram usage:        9 bytes
 Hardware stack levels used:    1
 This function calls:
		Nothing
 This function is called by:
		_led_initalize
		_led_turn_on
		_led_turn_off
		_relay_initialize
		_relay_turn_on
		_relay_turn_off
 This function uses a non-reentrant model


 *************** function _button_initialize *****************
 Defined at:
		line 17 in file "ecu/button/ecu_button.c"
 Parameters:    Size  Location     Type
  btn             2    9[COMRAM] PTR struct .
		 -> btn1(1), 
 Auto vars:     Size  Location     Type
  ret             1    0        enum E329
 Return value:  Size  Location     Type
                  1    wreg      enum E329
 Registers used:
		wreg, fsr2l, fsr2h, status,2, status,0, prodl, prodh, cstack
 Tracked objects:
		On entry : 
		On exit  : 
		Unchanged: 
 Data sizes:     COMRAM   BANK0   BANK1   BANK2   BANK3   BANK4   BANK5   BANK6   BANK7   BANK8   BANK9  BANK10  BANK11  BANK12  BANK13  BANK14  BANK15
      Params:         2       0       0       0       0       0       0       0       0       0       0       0       0       0       0       0       0
      Locals:         1       0       0       0       0       0       0       0       0       0       0       0       0       0       0       0       0
      Temps:          1       0       0       0       0       0       0       0       0       0       0       0       0       0       0       0       0
      Totals:         4       0       0       0       0       0       0       0       0       0       0       0       0       0       0       0       0
Total ram usage:        4 bytes
 Hardware stack levels used:    1
 Hardware stack levels required when called:    1
 This function calls:
		_gpio_pin_direction_initialize
 This function is called by:
		_main
 This function uses a non-reentrant model


 *************** function _gpio_pin_direction_initialize *****************
 Defined at:
		line 48 in file "mcal/gpio/mcal_gpio.c"
 Parameters:    Size  Location     Type
  port            1    wreg     enum E2858
  pin             1    0[COMRAM] enum E2848
  direction       1    1[COMRAM] enum E2844
 Auto vars:     Size  Location     Type
  port            1    8[COMRAM] enum E2858
  ret             1    0        enum E329
 Return value:  Size  Location     Type
                  1    wreg      enum E329
 Registers used:
		wreg, fsr2l, fsr2h, status,2, status,0, prodl, prodh
 Tracked objects:
		On entry : 
		On exit  : 
		Unchanged: 
 Data sizes:     COMRAM   BANK0   BANK1   BANK2   BANK3   BANK4   BANK5   BANK6   BANK7   BANK8   BANK9  BANK10  BANK11  BANK12  BANK13  BANK14  BANK15
      Params:         2       0       0       0       0       0       0       0       0       0       0       0       0       0       0       0       0
      Locals:         2       0       0       0       0       0       0       0       0       0       0       0       0       0       0       0       0
      Temps:          5       0       0       0       0       0       0       0       0       0       0       0       0       0       0       0       0
      Totals:         9       0       0       0       0       0       0       0       0       0       0       0       0       0       0       0       0
Total ram usage:        9 bytes
 Hardware stack levels used:    1
 This function calls:
		Nothing
 This function is called by:
		_button_initialize
		_led_initalize
		_relay_initialize
 This function uses a non-reentrant model


 *************** function _button_get_status *****************
 Defined at:
		line 35 in file "ecu/button/ecu_button.c"
 Parameters:    Size  Location     Type
  btn             2    9[COMRAM] PTR struct .
		 -> btn1(1), 
  btn_status      2   11[COMRAM] PTR enum E2900
		 -> btn1_status(1), 
 Auto vars:     Size  Location     Type
  ret             1    0        enum E329
 Return value:  Size  Location     Type
                  1    wreg      enum E329
 Registers used:
		wreg, fsr2l, fsr2h, status,2, status,0, prodl, prodh, cstack
 Tracked objects:
		On entry : 
		On exit  : 
		Unchanged: 
 Data sizes:     COMRAM   BANK0   BANK1   BANK2   BANK3   BANK4   BANK5   BANK6   BANK7   BANK8   BANK9  BANK10  BANK11  BANK12  BANK13  BANK14  BANK15
      Params:         4       0       0       0       0       0       0       0       0       0       0       0       0       0       0       0       0
      Locals:         1       0       0       0       0       0       0       0       0       0       0       0       0       0       0       0       0
      Temps:          1       0       0       0       0       0       0       0       0       0       0       0       0       0       0       0       0
      Totals:         6       0       0       0       0       0       0       0       0       0       0       0       0       0       0       0       0
Total ram usage:        6 bytes
 Hardware stack levels used:    1
 Hardware stack levels required when called:    1
 This function calls:
		_gpio_pin_read_value
 This function is called by:
		_main
 This function uses a non-reentrant model


 *************** function _gpio_pin_read_value *****************
 Defined at:
		line 137 in file "mcal/gpio/mcal_gpio.c"
 Parameters:    Size  Location     Type
  port            1    wreg     enum E2858
  pin             1    0[COMRAM] enum E2848
  logic           2    1[COMRAM] PTR enum E2840
		 -> btn1_status(1), 
 Auto vars:     Size  Location     Type
  port            1    8[COMRAM] enum E2858
  ret             1    0        enum E329
 Return value:  Size  Location     Type
                  1    wreg      enum E329
 Registers used:
		wreg, fsr2l, fsr2h, status,2, status,0, prodl, prodh
 Tracked objects:
		On entry : 
		On exit  : 
		Unchanged: 
 Data sizes:     COMRAM   BANK0   BANK1   BANK2   BANK3   BANK4   BANK5   BANK6   BANK7   BANK8   BANK9  BANK10  BANK11  BANK12  BANK13  BANK14  BANK15
      Params:         3       0       0       0       0       0       0       0       0       0       0       0       0       0       0       0       0
      Locals:         2       0       0       0       0       0       0       0       0       0       0       0       0       0       0       0       0
      Temps:          4       0       0       0       0       0       0       0       0       0       0       0       0       0       0       0       0
      Totals:         9       0       0       0       0       0       0       0       0       0       0       0       0       0       0       0       0
Total ram usage:        9 bytes
 Hardware stack levels used:    1
 This function calls:
		Nothing
 This function is called by:
		_button_get_status
 This function uses a non-reentrant model



MODULE INFORMATION

Module		Function		Class		Link	Load	Size
mcal/gpio/mcal_gpio.c
		_gpio_pin_write_value		CODE           	FCE0	0000	200
		_gpio_pin_direction_initialize		CODE           	FC18	0000	200
		_gpio_pin_read_value		CODE           	F8FE	0000	112

mcal/gpio/mcal_gpio.c estimated size: 512

ecu/button/ecu_button.c
		_button_initialize		CODE           	F96E	0000	118
		_button_get_status		CODE           	FB7C	0000	156

ecu/button/ecu_button.c estimated size: 274

shared
		__initialization		CODE           	F8D0	0000	36

shared estimated size: 36

ecu/led/ecu_led.c
		_led_initalize 		CODE           	FAE4	0000	152
		_led_turn_on   		CODE           	FA64	0000	128
		_led_turn_off  		CODE           	F9E4	0000	128

ecu/led/ecu_led.c estimated size: 408

application.c
		_main          		CODE           	FDA8	0000	600

application.c estimated size: 600

