Microchip MPLAB XC8 Compiler V2.31

Linker command line:

-W-3 --edf=C:\Program Files\Microchip\xc8\v2.31\pic\dat\en_msgs.txt -cn \
  -h+dist/default/production\embeddedApp.production.sym \
  --cmf=dist/default/production\embeddedApp.production.cmf -z -Q18F46K20 \
  -oC:\Users\Ahmed\AppData\Local\Temp\s6g8.2 --defsym=__MPLAB_BUILD=1 \
  -Mdist/default/production/embeddedApp.production.map -E1 \
  -ver=XC8 Compiler --acfsm=1493 -ASTACK=060h-0F5Fh -pstack=STACK \
  -ACODE=00h-0FFFFh -ACONST=00h-0FFFFh -ASMALLCONST=01000h-010FFhx240 \
  -AMEDIUMCONST=01000h-0FFFFh -ACOMRAM=01h-05Fh -AABS1=00h-0F5Fh \
  -ABIGRAM=01h-0F5Fh -ARAM=060h-0FFh,0100h-01FFhx14,0F00h-0F5Fh \
  -ABANK0=060h-0FFh -ABANK1=0100h-01FFh -ABANK2=0200h-02FFh \
  -ABANK3=0300h-03FFh -ABANK4=0400h-04FFh -ABANK5=0500h-05FFh \
  -ABANK6=0600h-06FFh -ABANK7=0700h-07FFh -ABANK8=0800h-08FFh \
  -ABANK9=0900h-09FFh -ABANK10=0A00h-0AFFh -ABANK11=0B00h-0BFFh \
  -ABANK12=0C00h-0CFFh -ABANK13=0D00h-0DFFh -ABANK14=0E00h-0EFFh \
  -ABANK15=0F00h-0F5Fh -ASFR=0F60h-0FFFh -ACONFIG=0300000h-030000Dh \
  -AIDLOC=0200000h-0200007h -AEEDATA=0F00000h-0F003FFh -peeprom_data=EEDATA \
  -preset_vec=00h,intcode,intcodelo,powerup,init -pramtop=01000h \
  -psmallconst=SMALLCONST -pmediumconst=MEDIUMCONST -pconst=CONST \
  -AFARRAM=00h-00h \
  -prdata=COMRAM,nvrram=COMRAM,nvbit=COMRAM,rbss=COMRAM,rbit=COMRAM \
  -pfarbss=FARRAM,fardata=FARRAM,nvFARRAM=FARRAM \
  -pintsave_regs=BIGRAM,bigbss=BIGRAM,bigdata=BIGRAM -pbss=RAM \
  -pidata=CODE,irdata=CODE,ibigdata=CODE,ifardata=CODE -prparam=COMRAM \
  C:\Users\Ahmed\AppData\Local\Temp\s6g8.o \
  dist/default/production\embeddedApp.production.o 

Object code version is 3.11

Machine type is 18F46K20



                Name                               Link     Load   Length Selector   Space Scale
C:\Users\Ahmed\AppData\Local\Temp\s6g8.o
                idloc                            200000   200000        8        0       5
                config                           300000   300000        E        0       4
                init                                  0        0        4        0       0
dist/default/production\embeddedApp.production.o
                idloc                            200000   200000        8        0       5
                config                           300000   300000        E        0       4
                text6                              FDA0     FDA0       C8     7ED0       0
                text5                              FE68     FE68       C8     7F34       0
                text4                              FD08     FD08       98     7E84       0
                text3                              FC08     FC08       80     7E04       0
                text2                              FC88     FC88       80     7E44       0
                text1                              FF30     FF30       D0     7F98       0
                text0                              FB78     FB78       20     7DBC       0
                cstackCOMRAM                         47       47       17        1       1
                dataCOMRAM                            1        1       46        1       1
                cinit                              FB98     FB98       2A     7DCC       0
                idataCOMRAM                        FBC2     FBC2       46     FBC2       0

TOTAL           Name                               Link     Load   Length     Space
        CLASS   STACK          

        CLASS   CODE           
                init                                  0        0        4         0
                text6                              FDA0     FDA0       C8         0
                text5                              FE68     FE68       C8         0
                text4                              FD08     FD08       98         0
                text3                              FC08     FC08       80         0
                text2                              FC88     FC88       80         0
                text1                              FF30     FF30       D0         0
                text0                              FB78     FB78       20         0
                cinit                              FB98     FB98       2A         0
                idataCOMRAM                        FBC2     FBC2       46         0

        CLASS   CONST          

        CLASS   SMALLCONST     

        CLASS   MEDIUMCONST    

        CLASS   COMRAM         
                cstackCOMRAM                         47       47       17         1
                dataCOMRAM                            1        1       46         1

        CLASS   ABS1           

        CLASS   BIGRAM         

        CLASS   RAM            

        CLASS   BANK0          

        CLASS   BANK1          

        CLASS   BANK2          

        CLASS   BANK3          

        CLASS   BANK4          

        CLASS   BANK5          

        CLASS   BANK6          

        CLASS   BANK7          

        CLASS   BANK8          

        CLASS   BANK9          

        CLASS   BANK10         

        CLASS   BANK11         

        CLASS   BANK12         

        CLASS   BANK13         

        CLASS   BANK14         

        CLASS   BANK15         

        CLASS   SFR            

        CLASS   CONFIG         
                config                           300000   300000        E         4

        CLASS   IDLOC          
                idloc                            200000   200000        8         5

        CLASS   EEDATA         

        CLASS   FARRAM         



SEGMENTS        Name                           Load    Length   Top    Selector   Space  Class

                reset_vec                      000000  000004  000004         0       0  CODE    
                dataCOMRAM                     000001  00005D  00005E         1       1  COMRAM  
                text0                          00FB78  000020  00FB98      7DBC       0  CODE    
                cinit                          00FB98  00002A  00FBC2      7DCC       0  CODE    
                idataCOMRAM                    00FBC2  000046  00FC08      FBC2       0  CODE    
                text3                          00FC08  000080  00FC88      7E04       0  CODE    
                text2                          00FC88  000080  00FD08      7E44       0  CODE    
                text4                          00FD08  000098  00FDA0      7E84       0  CODE    
                text6                          00FDA0  0000C8  00FE68      7ED0       0  CODE    
                text5                          00FE68  0000C8  00FF30      7F34       0  CODE    
                text1                          00FF30  0000D0  010000      7F98       0  CODE    


UNUSED ADDRESS RANGES

        Name                Unused          Largest block    Delta
        BANK0            000060-0000FF               A0
        BANK1            000100-0001FF              100
        BANK10           000A00-000AFF              100
        BANK11           000B00-000BFF              100
        BANK12           000C00-000CFF              100
        BANK13           000D00-000DFF              100
        BANK14           000E00-000EFF              100
        BANK15           000F00-000F5F               60
        BANK2            000200-0002FF              100
        BANK3            000300-0003FF              100
        BANK4            000400-0004FF              100
        BANK5            000500-0005FF              100
        BANK6            000600-0006FF              100
        BANK7            000700-0007FF              100
        BANK8            000800-0008FF              100
        BANK9            000900-0009FF              100
        BIGRAM           00005E-000F5F              F02
        CODE             000004-00FB77             FB74
        COMRAM           00005E-00005F                2
        CONST            000004-00FB77             FB74
        EEDATA           F00000-F003FF              400
        MEDIUMCONST      001000-00FB77             EB78
        RAM              000060-000F5F              100
        SFR              000F60-000FFF               A0
        SMALLCONST       001000-00FB77              100
        STACK            000060-000F5F              F00

                                  Symbol Table

_LATA                                   (abs)        000F89
_LATB                                   (abs)        000F8A
_LATC                                   (abs)        000F8B
_LATD                                   (abs)        000F8C
_LATE                                   (abs)        000F8D
_PORTA                                  (abs)        000F80
_PORTB                                  (abs)        000F81
_PORTC                                  (abs)        000F82
_PORTD                                  (abs)        000F83
_PORTE                                  (abs)        000F84
_TRISA                                  (abs)        000F92
_TRISB                                  (abs)        000F93
_TRISC                                  (abs)        000F94
_TRISD                                  (abs)        000F95
_TRISE                                  (abs)        000F96
__HRAM                                  (abs)        000000
__Habs1                                 abs1         000000
__Hbank0                                bank0        000000
__Hbank1                                bank1        000000
__Hbank10                               bank10       000000
__Hbank11                               bank11       000000
__Hbank12                               bank12       000000
__Hbank13                               bank13       000000
__Hbank14                               bank14       000000
__Hbank15                               bank15       000000
__Hbank2                                bank2        000000
__Hbank3                                bank3        000000
__Hbank4                                bank4        000000
__Hbank5                                bank5        000000
__Hbank6                                bank6        000000
__Hbank7                                bank7        000000
__Hbank8                                bank8        000000
__Hbank9                                bank9        000000
__Hbigbss                               bigbss       000000
__Hbigdata                              bigdata      000000
__Hbigram                               bigram       000000
__Hbss                                  bss          000000
__Hcinit                                cinit        000000
__Hclrtext                              clrtext      000000
__Hcomram                               comram       000000
__Hconfig                               config       30000E
__Hconst                                const        000000
__HcstackCOMRAM                         cstackCOMRAM 000000
__Hdata                                 data         000000
__HdataCOMRAM                           dataCOMRAM   000000
__Heeprom_data                          eeprom_data  000000
__Hfarbss                               farbss       000000
__Hfardata                              fardata      000000
__Hibigdata                             ibigdata     000000
__Hidata                                idata        000000
__HidataCOMRAM                          idataCOMRAM  000000
__Hidloc                                idloc        200008
__Hifardata                             ifardata     000000
__Hinit                                 init         000004
__Hintcode                              intcode      000000
__Hintcode_body                         intcode_body 000000
__Hintcodelo                            intcodelo    000000
__Hintentry                             intentry     000000
__Hintret                               intret       000000
__Hintsave_regs                         intsave_regs 000000
__Hirdata                               irdata       000000
__Hmediumconst                          mediumconst  000000
__HnvFARRAM                             nvFARRAM     000000
__Hnvbit                                nvbit        000000
__Hnvrram                               nvrram       000000
__Hparam                                rparam       000000
__Hpowerup                              powerup      000000
__Hram                                  ram          000000
__Hramtop                               ramtop       001000
__Hrbit                                 rbit         000000
__Hrbss                                 rbss         000000
__Hrdata                                rdata        000000
__Hreset_vec                            reset_vec    000000
__Hrparam                               rparam       000000
__Hsfr                                  sfr          000000
__Hsmallconst                           smallconst   000000
__Hspace_0                              (abs)        010000
__Hspace_1                              (abs)        00005E
__Hspace_2                              (abs)        000000
__Hspace_4                              (abs)        60000E
__Hstack                                stack        000000
__Hstruct                               struct       000000
__Htemp                                 temp         000000
__Htext                                 text         000000
__Htext0                                text0        000000
__Htext1                                text1        000000
__Htext2                                text2        000000
__Htext3                                text3        000000
__Htext4                                text4        000000
__Htext5                                text5        000000
__Htext6                                text6        000000
__LRAM                                  (abs)        000001
__Labs1                                 abs1         000000
__Lbank0                                bank0        000000
__Lbank1                                bank1        000000
__Lbank10                               bank10       000000
__Lbank11                               bank11       000000
__Lbank12                               bank12       000000
__Lbank13                               bank13       000000
__Lbank14                               bank14       000000
__Lbank15                               bank15       000000
__Lbank2                                bank2        000000
__Lbank3                                bank3        000000
__Lbank4                                bank4        000000
__Lbank5                                bank5        000000
__Lbank6                                bank6        000000
__Lbank7                                bank7        000000
__Lbank8                                bank8        000000
__Lbank9                                bank9        000000
__Lbigbss                               bigbss       000000
__Lbigdata                              bigdata      000000
__Lbigram                               bigram       000000
__Lbss                                  bss          000000
__Lcinit                                cinit        000000
__Lclrtext                              clrtext      000000
__Lcomram                               comram       000000
__Lconfig                               config       000000
__Lconst                                const        000000
__LcstackCOMRAM                         cstackCOMRAM 000000
__Ldata                                 data         000000
__LdataCOMRAM                           dataCOMRAM   000000
__Leeprom_data                          eeprom_data  000000
__Lfarbss                               farbss       000000
__Lfardata                              fardata      000000
__Libigdata                             ibigdata     000000
__Lidata                                idata        000000
__LidataCOMRAM                          idataCOMRAM  000000
__Lidloc                                idloc        000000
__Lifardata                             ifardata     000000
__Linit                                 init         000000
__Lintcode                              intcode      000000
__Lintcode_body                         intcode_body 000000
__Lintcodelo                            intcodelo    000000
__Lintentry                             intentry     000000
__Lintret                               intret       000000
__Lintsave_regs                         intsave_regs 000000
__Lirdata                               irdata       000000
__Lmediumconst                          mediumconst  000000
__LnvFARRAM                             nvFARRAM     000000
__Lnvbit                                nvbit        000000
__Lnvrram                               nvrram       000000
__Lparam                                rparam       000000
__Lpowerup                              powerup      000000
__Lram                                  ram          000000
__Lramtop                               ramtop       001000
__Lrbit                                 rbit         000000
__Lrbss                                 rbss         000000
__Lrdata                                rdata        000000
__Lreset_vec                            reset_vec    000000
__Lrparam                               rparam       000000
__Lsfr                                  sfr          000000
__Lsmallconst                           smallconst   000000
__Lspace_0                              (abs)        000000
__Lspace_1                              (abs)        000000
__Lspace_2                              (abs)        000000
__Lspace_4                              (abs)        000000
__Lstack                                stack        000000
__Lstruct                               struct       000000
__Ltemp                                 temp         000000
__Ltext                                 text         000000
__Ltext0                                text0        000000
__Ltext1                                text1        000000
__Ltext2                                text2        000000
__Ltext3                                text3        000000
__Ltext4                                text4        000000
__Ltext5                                text5        000000
__Ltext6                                text6        000000
__S0                                    (abs)        010000
__S1                                    (abs)        00005E
__S2                                    (abs)        000000
__S4                                    (abs)        000000
__S5                                    (abs)        000000
___inthi_sp                             stack        000000
___intlo_sp                             stack        000000
___param_bank                           (abs)        000000
___rparam_used                          (abs)        000001
___sp                                   stack        000000
__accesstop                             (abs)        000060
__activetblptr                          (abs)        000002
__end_of__initialization                cinit        00FBB8
__end_of_gpio_pin_direction_initialize  text6        00FE68
__end_of_gpio_pin_write_value           text5        00FF30
__end_of_led_initalize                  text4        00FDA0
__end_of_led_turn_off                   text3        00FC88
__end_of_led_turn_on                    text2        00FD08
__end_of_main                           text0        00FB98
__end_of_perform_led_seq                text1        010000
__initialization                        cinit        00FB98
__mediumconst                           mediumconst  000000
__pcinit                                cinit        00FB98
__pcstackCOMRAM                         cstackCOMRAM 000047
__pdataCOMRAM                           dataCOMRAM   000001
__pidataCOMRAM                          idataCOMRAM  00FBC2
__ptext0                                text0        00FB78
__ptext1                                text1        00FF30
__ptext2                                text2        00FC88
__ptext3                                text3        00FC08
__ptext4                                text4        00FD08
__ptext5                                text5        00FE68
__ptext6                                text6        00FDA0
__ramtop                                ramtop       001000
__size_of_gpio_pin_direction_initialize (abs)        000000
__size_of_gpio_pin_write_value          (abs)        000000
__size_of_led_initalize                 (abs)        000000
__size_of_led_turn_off                  (abs)        000000
__size_of_led_turn_on                   (abs)        000000
__size_of_main                          (abs)        000000
__size_of_perform_led_seq               (abs)        000000
__smallconst                            smallconst   000000
_gpio_pin_direction_initialize          text6        00FDA0
_gpio_pin_write_value                   text5        00FE68
_lat_register                           dataCOMRAM   00000B
_led_array                              dataCOMRAM   00003F
_led_initalize                          text4        00FD08
_led_seq                                dataCOMRAM   00001F
_led_turn_off                           text3        00FC08
_led_turn_on                            text2        00FC88
_main                                   text0        00FB78
_perform_led_seq                        text1        00FF30
_port_register                          dataCOMRAM   000001
_tris_register                          dataCOMRAM   000015
end_of_initialization                   cinit        00FBB8
gpio_pin_direction_initialize@direction cstackCOMRAM 000048
gpio_pin_direction_initialize@pin       cstackCOMRAM 000047
gpio_pin_direction_initialize@port      cstackCOMRAM 00004F
gpio_pin_write_value@logic              cstackCOMRAM 000048
gpio_pin_write_value@pin                cstackCOMRAM 000047
gpio_pin_write_value@port               cstackCOMRAM 00004F
intlevel0                               text         000000
intlevel1                               text         000000
intlevel2                               text         000000
intlevel3                               text         000000
led_initalize@led                       cstackCOMRAM 000050
led_turn_off@led                        cstackCOMRAM 000050
led_turn_on@led                         cstackCOMRAM 000050
perform_led_seq@l_led_counter           cstackCOMRAM 00005C
perform_led_seq@l_led_pos               cstackCOMRAM 00005D
perform_led_seq@led_arr                 cstackCOMRAM 000054
perform_led_seq@led_pat                 cstackCOMRAM 000056
perform_led_seq@seq_len                 cstackCOMRAM 000058
stackhi                                 (abs)        000F5F
stacklo                                 (abs)        000060
start                                   init         000000
start_initialization                    cinit        00FB98


FUNCTION INFORMATION:

 *************** function _main *****************
 Defined at:
		line 63 in file "application.c"
 Parameters:    Size  Location     Type
		None
 Auto vars:     Size  Location     Type
		None
 Return value:  Size  Location     Type
                  2  252[None  ] int 
 Registers used:
		wreg, fsr2l, fsr2h, status,2, status,0, prodl, prodh, cstack
 Tracked objects:
		On entry : 
		On exit  : 
		Unchanged: 
 Data sizes:     COMRAM   BANK0   BANK1   BANK2   BANK3   BANK4   BANK5   BANK6   BANK7   BANK8   BANK9  BANK10  BANK11  BANK12  BANK13  BANK14  BANK15
      Params:         0       0       0       0       0       0       0       0       0       0       0       0       0       0       0       0       0
      Locals:         0       0       0       0       0       0       0       0       0       0       0       0       0       0       0       0       0
      Temps:          0       0       0       0       0       0       0       0       0       0       0       0       0       0       0       0       0
      Totals:         0       0       0       0       0       0       0       0       0       0       0       0       0       0       0       0       0
Total ram usage:        0 bytes
 Hardware stack levels required when called:    3
 This function calls:
		_perform_led_seq
 This function is called by:
		Startup code after reset
 This function uses a non-reentrant model


 *************** function _perform_led_seq *****************
 Defined at:
		line 37 in file "application.c"
 Parameters:    Size  Location     Type
  led_arr         2   13[COMRAM] PTR struct .
		 -> led_array(8), 
  led_pat         2   15[COMRAM] PTR unsigned char [8]
		 -> led_seq(32), 
  seq_len         1   17[COMRAM] unsigned char 
 Auto vars:     Size  Location     Type
  l_led_pos       1   22[COMRAM] unsigned char 
  l_led_counte    1   21[COMRAM] unsigned char 
 Return value:  Size  Location     Type
                  1    wreg      void 
 Registers used:
		wreg, fsr2l, fsr2h, status,2, status,0, prodl, prodh, cstack
 Tracked objects:
		On entry : 
		On exit  : 
		Unchanged: 
 Data sizes:     COMRAM   BANK0   BANK1   BANK2   BANK3   BANK4   BANK5   BANK6   BANK7   BANK8   BANK9  BANK10  BANK11  BANK12  BANK13  BANK14  BANK15
      Params:         5       0       0       0       0       0       0       0       0       0       0       0       0       0       0       0       0
      Locals:         2       0       0       0       0       0       0       0       0       0       0       0       0       0       0       0       0
      Temps:          3       0       0       0       0       0       0       0       0       0       0       0       0       0       0       0       0
      Totals:        10       0       0       0       0       0       0       0       0       0       0       0       0       0       0       0       0
Total ram usage:       10 bytes
 Hardware stack levels used:    1
 Hardware stack levels required when called:    2
 This function calls:
		_led_initalize
		_led_turn_off
		_led_turn_on
 This function is called by:
		_main
 This function uses a non-reentrant model


 *************** function _led_turn_on *****************
 Defined at:
		line 32 in file "ecu/led/ecu_led.c"
 Parameters:    Size  Location     Type
  led             2    9[COMRAM] PTR struct .
		 -> led_array(8), 
 Auto vars:     Size  Location     Type
  ret             1    0        enum E329
 Return value:  Size  Location     Type
                  1    wreg      enum E329
 Registers used:
		wreg, fsr2l, fsr2h, status,2, status,0, prodl, prodh, cstack
 Tracked objects:
		On entry : 
		On exit  : 
		Unchanged: 
 Data sizes:     COMRAM   BANK0   BANK1   BANK2   BANK3   BANK4   BANK5   BANK6   BANK7   BANK8   BANK9  BANK10  BANK11  BANK12  BANK13  BANK14  BANK15
      Params:         2       0       0       0       0       0       0       0       0       0       0       0       0       0       0       0       0
      Locals:         1       0       0       0       0       0       0       0       0       0       0       0       0       0       0       0       0
      Temps:          1       0       0       0       0       0       0       0       0       0       0       0       0       0       0       0       0
      Totals:         4       0       0       0       0       0       0       0       0       0       0       0       0       0       0       0       0
Total ram usage:        4 bytes
 Hardware stack levels used:    1
 Hardware stack levels required when called:    1
 This function calls:
		_gpio_pin_write_value
 This function is called by:
		_perform_led_seq
 This function uses a non-reentrant model


 *************** function _led_turn_off *****************
 Defined at:
		line 50 in file "ecu/led/ecu_led.c"
 Parameters:    Size  Location     Type
  led             2    9[COMRAM] PTR struct .
		 -> led_array(8), 
 Auto vars:     Size  Location     Type
  ret             1    0        enum E329
 Return value:  Size  Location     Type
                  1    wreg      enum E329
 Registers used:
		wreg, fsr2l, fsr2h, status,2, status,0, prodl, prodh, cstack
 Tracked objects:
		On entry : 
		On exit  : 
		Unchanged: 
 Data sizes:     COMRAM   BANK0   BANK1   BANK2   BANK3   BANK4   BANK5   BANK6   BANK7   BANK8   BANK9  BANK10  BANK11  BANK12  BANK13  BANK14  BANK15
      Params:         2       0       0       0       0       0       0       0       0       0       0       0       0       0       0       0       0
      Locals:         1       0       0       0       0       0       0       0       0       0       0       0       0       0       0       0       0
      Temps:          1       0       0       0       0       0       0       0       0       0       0       0       0       0       0       0       0
      Totals:         4       0       0       0       0       0       0       0       0       0       0       0       0       0       0       0       0
Total ram usage:        4 bytes
 Hardware stack levels used:    1
 Hardware stack levels required when called:    1
 This function calls:
		_gpio_pin_write_value
 This function is called by:
		_perform_led_seq
 This function uses a non-reentrant model


 *************** function _led_initalize *****************
 Defined at:
		line 13 in file "ecu/led/ecu_led.c"
 Parameters:    Size  Location     Type
  led             2    9[COMRAM] PTR struct .
		 -> led_array(8), 
 Auto vars:     Size  Location     Type
  ret             1    0        enum E329
 Return value:  Size  Location     Type
                  1    wreg      enum E329
 Registers used:
		wreg, fsr2l, fsr2h, status,2, status,0, prodl, prodh, cstack
 Tracked objects:
		On entry : 
		On exit  : 
		Unchanged: 
 Data sizes:     COMRAM   BANK0   BANK1   BANK2   BANK3   BANK4   BANK5   BANK6   BANK7   BANK8   BANK9  BANK10  BANK11  BANK12  BANK13  BANK14  BANK15
      Params:         2       0       0       0       0       0       0       0       0       0       0       0       0       0       0       0       0
      Locals:         1       0       0       0       0       0       0       0       0       0       0       0       0       0       0       0       0
      Temps:          1       0       0       0       0       0       0       0       0       0       0       0       0       0       0       0       0
      Totals:         4       0       0       0       0       0       0       0       0       0       0       0       0       0       0       0       0
Total ram usage:        4 bytes
 Hardware stack levels used:    1
 Hardware stack levels required when called:    1
 This function calls:
		_gpio_pin_direction_initialize
		_gpio_pin_write_value
 This function is called by:
		_perform_led_seq
 This function uses a non-reentrant model


 *************** function _gpio_pin_write_value *****************
 Defined at:
		line 105 in file "mcal/gpio/mcal_gpio.c"
 Parameters:    Size  Location     Type
  port            1    wreg     enum E2858
  pin             1    0[COMRAM] enum E2848
  logic           1    1[COMRAM] enum E2840
 Auto vars:     Size  Location     Type
  port            1    8[COMRAM] enum E2858
  ret             1    0        enum E329
 Return value:  Size  Location     Type
                  1    wreg      enum E329
 Registers used:
		wreg, fsr2l, fsr2h, status,2, status,0, prodl, prodh
 Tracked objects:
		On entry : 
		On exit  : 
		Unchanged: 
 Data sizes:     COMRAM   BANK0   BANK1   BANK2   BANK3   BANK4   BANK5   BANK6   BANK7   BANK8   BANK9  BANK10  BANK11  BANK12  BANK13  BANK14  BANK15
      Params:         2       0       0       0       0       0       0       0       0       0       0       0       0       0       0       0       0
      Locals:         2       0       0       0       0       0       0       0       0       0       0       0       0       0       0       0       0
      Temps:          5       0       0       0       0       0       0       0       0       0       0       0       0       0       0       0       0
      Totals:         9       0       0       0       0       0       0       0       0       0       0       0       0       0       0       0       0
Total ram usage:        9 bytes
 Hardware stack levels used:    1
 This function calls:
		Nothing
 This function is called by:
		_led_initalize
		_led_turn_on
		_led_turn_off
		_relay_initialize
		_relay_turn_on
		_relay_turn_off
 This function uses a non-reentrant model


 *************** function _gpio_pin_direction_initialize *****************
 Defined at:
		line 48 in file "mcal/gpio/mcal_gpio.c"
 Parameters:    Size  Location     Type
  port            1    wreg     enum E2858
  pin             1    0[COMRAM] enum E2848
  direction       1    1[COMRAM] enum E2844
 Auto vars:     Size  Location     Type
  port            1    8[COMRAM] enum E2858
  ret             1    0        enum E329
 Return value:  Size  Location     Type
                  1    wreg      enum E329
 Registers used:
		wreg, fsr2l, fsr2h, status,2, status,0, prodl, prodh
 Tracked objects:
		On entry : 
		On exit  : 
		Unchanged: 
 Data sizes:     COMRAM   BANK0   BANK1   BANK2   BANK3   BANK4   BANK5   BANK6   BANK7   BANK8   BANK9  BANK10  BANK11  BANK12  BANK13  BANK14  BANK15
      Params:         2       0       0       0       0       0       0       0       0       0       0       0       0       0       0       0       0
      Locals:         2       0       0       0       0       0       0       0       0       0       0       0       0       0       0       0       0
      Temps:          5       0       0       0       0       0       0       0       0       0       0       0       0       0       0       0       0
      Totals:         9       0       0       0       0       0       0       0       0       0       0       0       0       0       0       0       0
Total ram usage:        9 bytes
 Hardware stack levels used:    1
 This function calls:
		Nothing
 This function is called by:
		_led_initalize
		_button_initialize
		_relay_initialize
 This function uses a non-reentrant model



MODULE INFORMATION

Module		Function		Class		Link	Load	Size
mcal/gpio/mcal_gpio.c
		_gpio_pin_write_value		CODE           	FE68	0000	200
		_gpio_pin_direction_initialize		CODE           	FDA0	0000	200

mcal/gpio/mcal_gpio.c estimated size: 400

shared
		__initialization		CODE           	FB98	0000	32

shared estimated size: 32

ecu/led/ecu_led.c
		_led_initalize 		CODE           	FD08	0000	152
		_led_turn_on   		CODE           	FC88	0000	128
		_led_turn_off  		CODE           	FC08	0000	128

ecu/led/ecu_led.c estimated size: 408

application.c
		_main          		CODE           	FB78	0000	32
		_perform_led_seq		CODE           	FF30	0000	208

application.c estimated size: 240

